[step 1] materialize_workspace: begin
[step 1] materialize_workspace: detached at a168ed4129dc, 335 commits, removed remote:origin, tags:178
[step 1] extract_diff2_reference: begin
[step 1] extract_diff2_reference: 134 files extracted; verified rich/__main__.py; pruned 14 heavy artifacts
[step 2] run_ticket_agent: begin
[step 2] run_ticket_agent: ticket written to ticket.md (attempt 2)
[step 3] extract_diff2_tests: begin
[step 3] extract_diff2_tests: 0 test file section(s) (none)
[step 4] extract_diff2_manifests: begin
[step 4] extract_diff2_manifests: target=3 base=3 to_remove=0 languages=['python']
[step 5] seed_diff2_tests: begin
[step 5] seed_diff2_tests: no test files in Diff2 — nothing to seed
[step 6] replace_manifests: begin
[step 6] replace_manifests: replaced 3, removed 0
[step 7] install_deps: begin
[step 7] install_deps: installed 4 dep line(s) (languages=['python'])
[step 8] lock_tests_stage1: begin
[step 8] lock_tests_stage1: no test files to lock
[step 9] delete_reference: begin
[step 9] delete_reference: deleted /home/sumama/Private/MegaBit/megabit-data/episodes/.megabit_ref
[step 10] wipe_git_history: begin
[step 10] lock_tests_stage2: begin
[step 10] lock_tests_stage2: no test files to lock
[step 10] wipe_git_history: single commit on main; purged branches:1, gc:ok; solution object gone; stage-2 relocked 0 file(s)
