[step 1] materialize_workspace: begin
[step 1] materialize_workspace: detached at 82d9b0c56b1d, 80 commits, removed remote:origin, tags:71, local-branches:1; diff2.patch ded14bf074d6
[step 1] extract_diff2_reference: begin
[step 1] extract_diff2_reference: 51 files extracted; verified 3 files; pruned 3 heavy artifacts
[step 2] run_ticket_agent: begin
[step 2] run_ticket_agent: ticket written to ticket.md (attempt 3)
[step 3] extract_diff2_tests: begin
[step 3] extract_diff2_tests: 2 test file section(s) (modified=2)
[step 4] extract_diff2_manifests: begin
[step 4] extract_diff2_manifests: target=4 base=4 to_remove=0 languages=['python']
[step 5] seed_diff2_tests: begin
[step 5] seed_diff2_tests: seeded 2 test file(s)
[step 6] replace_manifests: begin
[step 6] replace_manifests: replaced 4, removed 0
[step 7] install_deps: begin
[step 7] install_deps: installed 1 dep line(s), verified 1 probe(s) (languages=['python'])
[step 16] verify_diff2_suite: begin
[step 16] verify_diff2_suite: second-diff suite green 3/3 × 1 command(s) (reference dir)
[step 8] lock_tests_stage1: begin
[step 8] lock_tests_stage1: locked+verified 2 test file(s)
[step 9] delete_reference: begin
[step 9] delete_reference: deleted /home/sumama/Private/MegaBit/megabit-data/episodes/966101f98864fafa/.megabit_ref
[step 10] wipe_git_history: begin
[step 10] lock_tests_stage2: begin
[step 10] lock_tests_stage2: locked+verified 2 test file(s)
[step 10] wipe_git_history: single commit on main; purged branches:0, gc:ok; solution object gone; stage-2 relocked 2 file(s)
